------------------------------------------------------------
TimeQuest Timing Analyzer Summary
------------------------------------------------------------

Type  : Slow 1100mV 85C Model Setup 'clock'
Slack : -0.288
TNS   : -0.972

Type  : Slow 1100mV 85C Model Hold 'clock'
Slack : 0.445
TNS   : 0.000

Type  : Slow 1100mV 85C Model Minimum Pulse Width 'clock'
Slack : -0.538
TNS   : -3.142

Type  : Slow 1100mV 0C Model Setup 'clock'
Slack : -0.337
TNS   : -1.210

Type  : Slow 1100mV 0C Model Hold 'clock'
Slack : 0.434
TNS   : 0.000

Type  : Slow 1100mV 0C Model Minimum Pulse Width 'clock'
Slack : -0.538
TNS   : -3.166

Type  : Fast 1100mV 85C Model Setup 'clock'
Slack : 0.385
TNS   : 0.000

Type  : Fast 1100mV 85C Model Hold 'clock'
Slack : 0.180
TNS   : 0.000

Type  : Fast 1100mV 85C Model Minimum Pulse Width 'clock'
Slack : -0.089
TNS   : -0.352

Type  : Fast 1100mV 0C Model Setup 'clock'
Slack : 0.408
TNS   : 0.000

Type  : Fast 1100mV 0C Model Hold 'clock'
Slack : 0.168
TNS   : 0.000

Type  : Fast 1100mV 0C Model Minimum Pulse Width 'clock'
Slack : -0.092
TNS   : -0.364

------------------------------------------------------------
