------------------------------------------------------------
TimeQuest Timing Analyzer Summary
------------------------------------------------------------

Type  : Slow 1100mV 85C Model Setup 'clock'
Slack : -1.758
TNS   : -20.020

Type  : Slow 1100mV 85C Model Hold 'clock'
Slack : 0.216
TNS   : 0.000

Type  : Slow 1100mV 85C Model Minimum Pulse Width 'clock'
Slack : -0.538
TNS   : -11.348

Type  : Slow 1100mV 0C Model Setup 'clock'
Slack : -1.737
TNS   : -19.529

Type  : Slow 1100mV 0C Model Hold 'clock'
Slack : 0.305
TNS   : 0.000

Type  : Slow 1100mV 0C Model Minimum Pulse Width 'clock'
Slack : -0.538
TNS   : -11.616

Type  : Fast 1100mV 85C Model Setup 'clock'
Slack : -0.732
TNS   : -3.560

Type  : Fast 1100mV 85C Model Hold 'clock'
Slack : 0.140
TNS   : 0.000

Type  : Fast 1100mV 85C Model Minimum Pulse Width 'clock'
Slack : -0.090
TNS   : -0.983

Type  : Fast 1100mV 0C Model Setup 'clock'
Slack : -0.698
TNS   : -3.045

Type  : Fast 1100mV 0C Model Hold 'clock'
Slack : 0.147
TNS   : 0.000

Type  : Fast 1100mV 0C Model Minimum Pulse Width 'clock'
Slack : -0.092
TNS   : -1.193

------------------------------------------------------------
