------------------------------------------------------------
TimeQuest Timing Analyzer Summary
------------------------------------------------------------

Type  : Slow 1100mV 85C Model Setup 'inst13'
Slack : -3.585
TNS   : -3.585

Type  : Slow 1100mV 85C Model Hold 'inst13'
Slack : 2.485
TNS   : 0.000

Type  : Slow 1100mV 85C Model Minimum Pulse Width 'clock'
Slack : -0.538
TNS   : -3.878

Type  : Slow 1100mV 85C Model Minimum Pulse Width 'inst13'
Slack : -0.538
TNS   : -0.769

Type  : Slow 1100mV 0C Model Setup 'inst13'
Slack : -3.514
TNS   : -3.514

Type  : Slow 1100mV 0C Model Hold 'inst13'
Slack : 2.425
TNS   : 0.000

Type  : Slow 1100mV 0C Model Minimum Pulse Width 'clock'
Slack : -0.538
TNS   : -3.862

Type  : Slow 1100mV 0C Model Minimum Pulse Width 'inst13'
Slack : -0.538
TNS   : -0.771

Type  : Fast 1100mV 85C Model Setup 'inst13'
Slack : -1.377
TNS   : -1.377

Type  : Fast 1100mV 85C Model Hold 'inst13'
Slack : 0.930
TNS   : 0.000

Type  : Fast 1100mV 85C Model Minimum Pulse Width 'clock'
Slack : -0.208
TNS   : -0.970

Type  : Fast 1100mV 85C Model Minimum Pulse Width 'inst13'
Slack : 0.152
TNS   : 0.000

Type  : Fast 1100mV 0C Model Setup 'inst13'
Slack : -1.298
TNS   : -1.298

Type  : Fast 1100mV 0C Model Hold 'inst13'
Slack : 0.884
TNS   : 0.000

Type  : Fast 1100mV 0C Model Minimum Pulse Width 'clock'
Slack : -0.228
TNS   : -1.034

Type  : Fast 1100mV 0C Model Minimum Pulse Width 'inst13'
Slack : 0.156
TNS   : 0.000

------------------------------------------------------------
