------------------------------------------------------------
TimeQuest Timing Analyzer Summary
------------------------------------------------------------

Type  : Slow 1100mV 85C Model Setup 'clock'
Slack : -1.624
TNS   : -12.954

Type  : Slow 1100mV 85C Model Hold 'clock'
Slack : 0.443
TNS   : 0.000

Type  : Slow 1100mV 85C Model Minimum Pulse Width 'clock'
Slack : -0.538
TNS   : -6.270

Type  : Slow 1100mV 0C Model Setup 'clock'
Slack : -1.655
TNS   : -12.208

Type  : Slow 1100mV 0C Model Hold 'clock'
Slack : 0.468
TNS   : 0.000

Type  : Slow 1100mV 0C Model Minimum Pulse Width 'clock'
Slack : -0.538
TNS   : -6.284

Type  : Fast 1100mV 85C Model Setup 'clock'
Slack : -0.275
TNS   : -1.502

Type  : Fast 1100mV 85C Model Hold 'clock'
Slack : 0.177
TNS   : 0.000

Type  : Fast 1100mV 85C Model Minimum Pulse Width 'clock'
Slack : -0.094
TNS   : -0.750

Type  : Fast 1100mV 0C Model Setup 'clock'
Slack : -0.186
TNS   : -0.739

Type  : Fast 1100mV 0C Model Hold 'clock'
Slack : 0.169
TNS   : 0.000

Type  : Fast 1100mV 0C Model Minimum Pulse Width 'clock'
Slack : -0.095
TNS   : -0.756

------------------------------------------------------------
