------------------------------------------------------------
Timing Analyzer Summary
------------------------------------------------------------

Type  : Slow 1100mV 85C Model Setup 'clock'
Slack : -0.273
TNS   : -0.661

Type  : Slow 1100mV 85C Model Hold 'clock'
Slack : 0.357
TNS   : 0.000

Type  : Slow 1100mV 85C Model Minimum Pulse Width 'clock'
Slack : -0.538
TNS   : -3.249

Type  : Slow 1100mV 0C Model Setup 'clock'
Slack : -0.325
TNS   : -0.752

Type  : Slow 1100mV 0C Model Hold 'clock'
Slack : 0.335
TNS   : 0.000

Type  : Slow 1100mV 0C Model Minimum Pulse Width 'clock'
Slack : -0.538
TNS   : -3.189

Type  : Fast 1100mV 85C Model Setup 'clock'
Slack : 0.405
TNS   : 0.000

Type  : Fast 1100mV 85C Model Hold 'clock'
Slack : 0.186
TNS   : 0.000

Type  : Fast 1100mV 85C Model Minimum Pulse Width 'clock'
Slack : -0.267
TNS   : -1.115

Type  : Fast 1100mV 0C Model Setup 'clock'
Slack : 0.426
TNS   : 0.000

Type  : Fast 1100mV 0C Model Hold 'clock'
Slack : 0.166
TNS   : 0.000

Type  : Fast 1100mV 0C Model Minimum Pulse Width 'clock'
Slack : -0.254
TNS   : -1.055

------------------------------------------------------------
